2017-06-16 10:02:40,398 INFO  [main] util.HttpUtils (HttpUtils.java:379) - http post url:http://localhost:8080/test/springmvc/api/addUser
jsonReq:{"id":0,"name":"test","password":"111"}
2017-06-16 10:03:33,789 INFO  [main] support.AbstractTestContextBootstrapper (AbstractTestContextBootstrapper.java:259) - Loaded default TestExecutionListener class names from location [META-INF/spring.factories]: [org.springframework.test.context.web.ServletTestExecutionListener, org.springframework.test.context.support.DirtiesContextBeforeModesTestExecutionListener, org.springframework.test.context.support.DependencyInjectionTestExecutionListener, org.springframework.test.context.support.DirtiesContextTestExecutionListener, org.springframework.test.context.transaction.TransactionalTestExecutionListener, org.springframework.test.context.jdbc.SqlScriptsTestExecutionListener]
2017-06-16 10:03:33,808 INFO  [main] support.AbstractTestContextBootstrapper (AbstractTestContextBootstrapper.java:185) - Using TestExecutionListeners: [org.springframework.test.context.web.ServletTestExecutionListener@42e26948, org.springframework.test.context.support.DirtiesContextBeforeModesTestExecutionListener@57baeedf, org.springframework.test.context.support.DependencyInjectionTestExecutionListener@343f4d3d, org.springframework.test.context.support.DirtiesContextTestExecutionListener@53b32d7, org.springframework.test.context.transaction.TransactionalTestExecutionListener@5442a311, org.springframework.test.context.jdbc.SqlScriptsTestExecutionListener@548e7350]
2017-06-16 10:03:33,981 INFO  [main] xml.XmlBeanDefinitionReader (XmlBeanDefinitionReader.java:317) - Loading XML bean definitions from class path resource [spring-mvc.xml]
2017-06-16 10:03:35,789 INFO  [main] support.AbstractApplicationContext (AbstractApplicationContext.java:573) - Refreshing org.springframework.web.context.support.GenericWebApplicationContext@6f1fba17: startup date [Fri Jun 16 10:03:35 CST 2017]; root of context hierarchy
2017-06-16 10:03:35,901 INFO  [main] support.DefaultListableBeanFactory (DefaultListableBeanFactory.java:839) - Overriding bean definition for bean 'mvcContentNegotiationManager' with a different definition: replacing [Root bean: class [org.springframework.web.accept.ContentNegotiationManagerFactoryBean]; scope=; abstract=false; lazyInit=false; autowireMode=0; dependencyCheck=0; autowireCandidate=true; primary=false; factoryBeanName=null; factoryMethodName=null; initMethodName=null; destroyMethodName=null] with [Root bean: class [null]; scope=; abstract=false; lazyInit=false; autowireMode=3; dependencyCheck=0; autowireCandidate=true; primary=false; factoryBeanName=org.springframework.web.servlet.config.annotation.DelegatingWebMvcConfiguration; factoryMethodName=mvcContentNegotiationManager; initMethodName=null; destroyMethodName=(inferred); defined in class path resource [org/springframework/web/servlet/config/annotation/DelegatingWebMvcConfiguration.class]]
2017-06-16 10:03:35,902 INFO  [main] annotation.ConfigurationClassBeanDefinitionReader (ConfigurationClassBeanDefinitionReader.java:298) - Skipping bean definition for [BeanMethod:name=mvcUriComponentsContributor,declaringClass=org.springframework.web.servlet.config.annotation.WebMvcConfigurationSupport]: a definition for bean 'mvcUriComponentsContributor' already exists. This top-level bean definition is considered as an override.
2017-06-16 10:03:36,047 INFO  [main] support.PropertiesLoaderSupport (PropertiesLoaderSupport.java:172) - Loading properties file from class path resource [db.properties]
2017-06-16 10:03:36,486 INFO  [main] handler.AbstractUrlHandlerMapping (AbstractUrlHandlerMapping.java:341) - Mapped URL path [/**] onto handler 'org.springframework.web.servlet.resource.DefaultServletHttpRequestHandler#0'
2017-06-16 10:03:36,839 INFO  [main] pool.DruidDataSource (DruidDataSource.java:722) - {dataSource-1} inited
2017-06-16 10:03:37,051 INFO  [main] handler.AbstractHandlerMethodMapping$MappingRegistry (AbstractHandlerMethodMapping.java:532) - Mapped "{[/test/d]}" onto public java.lang.String com.controller.TestController.test(java.lang.String)
2017-06-16 10:03:37,056 INFO  [main] handler.AbstractHandlerMethodMapping$MappingRegistry (AbstractHandlerMethodMapping.java:532) - Mapped "{[/springmvc/api/getUser/{id}],methods=[GET]}" onto public com.entity.User com.controller.UserController.getUserInfo(int)
2017-06-16 10:03:37,057 INFO  [main] handler.AbstractHandlerMethodMapping$MappingRegistry (AbstractHandlerMethodMapping.java:532) - Mapped "{[/springmvc/api/addUser],methods=[POST]}" onto public int com.controller.UserController.addUserInfo(com.entity.User)
2017-06-16 10:03:37,057 INFO  [main] handler.AbstractHandlerMethodMapping$MappingRegistry (AbstractHandlerMethodMapping.java:532) - Mapped "{[/springmvc/api/testUser],methods=[POST]}" onto public int com.controller.UserController.testUserInfo(com.entity.User)
2017-06-16 10:03:37,057 INFO  [main] handler.AbstractHandlerMethodMapping$MappingRegistry (AbstractHandlerMethodMapping.java:532) - Mapped "{[/springmvc/{name}],methods=[GET]}" onto public java.lang.String com.controller.UserController.sayHello(java.lang.String)
2017-06-16 10:03:37,058 INFO  [main] handler.AbstractHandlerMethodMapping$MappingRegistry (AbstractHandlerMethodMapping.java:532) - Mapped "{[/springmvc/api/registerUser],methods=[POST]}" onto public java.lang.Object com.controller.UserController.registerUser(com.entity.User)
2017-06-16 10:03:37,328 INFO  [main] annotation.RequestMappingHandlerAdapter (RequestMappingHandlerAdapter.java:532) - Looking for @ControllerAdvice: org.springframework.web.context.support.GenericWebApplicationContext@6f1fba17: startup date [Fri Jun 16 10:03:35 CST 2017]; root of context hierarchy
2017-06-16 10:03:37,375 INFO  [main] annotation.RequestMappingHandlerAdapter (RequestMappingHandlerAdapter.java:532) - Looking for @ControllerAdvice: org.springframework.web.context.support.GenericWebApplicationContext@6f1fba17: startup date [Fri Jun 16 10:03:35 CST 2017]; root of context hierarchy
2017-06-16 10:03:37,404 INFO  [main] xml.XmlBeanDefinitionReader (XmlBeanDefinitionReader.java:317) - Loading XML bean definitions from class path resource [spring-mvc.xml]
2017-06-16 10:03:38,360 INFO  [main] support.AbstractApplicationContext (AbstractApplicationContext.java:573) - Refreshing org.springframework.web.context.support.GenericWebApplicationContext@671d03bb: startup date [Fri Jun 16 10:03:38 CST 2017]; root of context hierarchy
2017-06-16 10:03:38,373 INFO  [main] support.DefaultListableBeanFactory (DefaultListableBeanFactory.java:839) - Overriding bean definition for bean 'mvcContentNegotiationManager' with a different definition: replacing [Root bean: class [org.springframework.web.accept.ContentNegotiationManagerFactoryBean]; scope=; abstract=false; lazyInit=false; autowireMode=0; dependencyCheck=0; autowireCandidate=true; primary=false; factoryBeanName=null; factoryMethodName=null; initMethodName=null; destroyMethodName=null] with [Root bean: class [null]; scope=; abstract=false; lazyInit=false; autowireMode=3; dependencyCheck=0; autowireCandidate=true; primary=false; factoryBeanName=org.springframework.web.servlet.config.annotation.DelegatingWebMvcConfiguration; factoryMethodName=mvcContentNegotiationManager; initMethodName=null; destroyMethodName=(inferred); defined in class path resource [org/springframework/web/servlet/config/annotation/DelegatingWebMvcConfiguration.class]]
2017-06-16 10:03:38,374 INFO  [main] annotation.ConfigurationClassBeanDefinitionReader (ConfigurationClassBeanDefinitionReader.java:298) - Skipping bean definition for [BeanMethod:name=mvcUriComponentsContributor,declaringClass=org.springframework.web.servlet.config.annotation.WebMvcConfigurationSupport]: a definition for bean 'mvcUriComponentsContributor' already exists. This top-level bean definition is considered as an override.
2017-06-16 10:03:38,376 INFO  [main] support.PropertiesLoaderSupport (PropertiesLoaderSupport.java:172) - Loading properties file from class path resource [db.properties]
2017-06-16 10:03:38,417 INFO  [main] handler.AbstractUrlHandlerMapping (AbstractUrlHandlerMapping.java:341) - Mapped URL path [/**] onto handler 'org.springframework.web.servlet.resource.DefaultServletHttpRequestHandler#0'
2017-06-16 10:03:38,522 INFO  [main] pool.DruidDataSource (DruidDataSource.java:722) - {dataSource-2} inited
2017-06-16 10:03:38,543 INFO  [main] handler.AbstractHandlerMethodMapping$MappingRegistry (AbstractHandlerMethodMapping.java:532) - Mapped "{[/test/d]}" onto public java.lang.String com.controller.TestController.test(java.lang.String)
2017-06-16 10:03:38,548 INFO  [main] handler.AbstractHandlerMethodMapping$MappingRegistry (AbstractHandlerMethodMapping.java:532) - Mapped "{[/springmvc/api/getUser/{id}],methods=[GET]}" onto public com.entity.User com.controller.UserController.getUserInfo(int)
2017-06-16 10:03:38,549 INFO  [main] handler.AbstractHandlerMethodMapping$MappingRegistry (AbstractHandlerMethodMapping.java:532) - Mapped "{[/springmvc/api/addUser],methods=[POST]}" onto public int com.controller.UserController.addUserInfo(com.entity.User)
2017-06-16 10:03:38,549 INFO  [main] handler.AbstractHandlerMethodMapping$MappingRegistry (AbstractHandlerMethodMapping.java:532) - Mapped "{[/springmvc/api/testUser],methods=[POST]}" onto public int com.controller.UserController.testUserInfo(com.entity.User)
2017-06-16 10:03:38,551 INFO  [main] handler.AbstractHandlerMethodMapping$MappingRegistry (AbstractHandlerMethodMapping.java:532) - Mapped "{[/springmvc/{name}],methods=[GET]}" onto public java.lang.String com.controller.UserController.sayHello(java.lang.String)
2017-06-16 10:03:38,551 INFO  [main] handler.AbstractHandlerMethodMapping$MappingRegistry (AbstractHandlerMethodMapping.java:532) - Mapped "{[/springmvc/api/registerUser],methods=[POST]}" onto public java.lang.Object com.controller.UserController.registerUser(com.entity.User)
2017-06-16 10:03:38,604 INFO  [main] annotation.RequestMappingHandlerAdapter (RequestMappingHandlerAdapter.java:532) - Looking for @ControllerAdvice: org.springframework.web.context.support.GenericWebApplicationContext@671d03bb: startup date [Fri Jun 16 10:03:38 CST 2017]; root of context hierarchy
2017-06-16 10:03:38,618 INFO  [main] annotation.RequestMappingHandlerAdapter (RequestMappingHandlerAdapter.java:532) - Looking for @ControllerAdvice: org.springframework.web.context.support.GenericWebApplicationContext@671d03bb: startup date [Fri Jun 16 10:03:38 CST 2017]; root of context hierarchy
2017-06-16 10:04:31,550 INFO  [main] util.HttpUtils (HttpUtils.java:379) - http post url:http://localhost:8080/test/springmvc/api/addUser
jsonReq:{"id":0,"name":"test","password":"111"}
2017-06-16 10:06:16,441 INFO  [main] util.HttpUtils (HttpUtils.java:379) - http post url:http://localhost:8080/test/springmvc/api/addUser
jsonReq:{"id":0,"name":"test","password":"111"}
2017-06-16 10:06:59,884 INFO  [main] util.HttpUtils (HttpUtils.java:379) - http post url:http://localhost:8080/test/springmvc/api/addUser
jsonReq:{"id":0,"name":"test","password":"111"}
2017-06-16 10:08:00,166 INFO  [main] util.HttpUtils (HttpUtils.java:379) - http post url:http://localhost:8080/test/springmvc/api/addUser
jsonReq:{"id":0,"name":"test","password":"111"}
